../Core/Src/stm32f4xx_it.c:70:6:NMI_Handler	4	static
../Core/Src/stm32f4xx_it.c:84:6:HardFault_Handler	32	static,ignoring_inline_asm
../Core/Src/stm32f4xx_it.c:109:6:MemManage_Handler	4	static
../Core/Src/stm32f4xx_it.c:124:6:BusFault_Handler	4	static
../Core/Src/stm32f4xx_it.c:139:6:UsageFault_Handler	4	static
../Core/Src/stm32f4xx_it.c:155:6:SVC_Handler	0	static,ignoring_inline_asm
../Core/Src/stm32f4xx_it.c:183:6:DebugMon_Handler	4	static
../Core/Src/stm32f4xx_it.c:197:6:PendSV_Handler	0	static,ignoring_inline_asm
../Core/Src/stm32f4xx_it.c:272:6:SysTick_Handler	8	static
../Core/Src/stm32f4xx_it.c:293:6:PVD_IRQHandler	8	static
../Core/Src/stm32f4xx_it.c:307:6:FLASH_IRQHandler	8	static
../Core/Src/stm32f4xx_it.c:321:6:RCC_IRQHandler	4	static
