Archive member included to satisfy reference by file (symbol)

D:/APP/ST_Microcontrollers/STM32Cube_IDE/STM32CubeIDE_1.16.0/STM32CubeIDE/plugins/com.st.stm32cube.ide.mcu.externaltools.gnu-tools-for-stm32.12.3.rel1.win32_1.0.200.202406191623/tools/bin/../lib/gcc/arm-none-eabi/12.3.1/../../../../arm-none-eabi/lib/thumb/v7e-m+fp/hard\libc_nano.a(libc_a-exit.o)
                              D:/APP/ST_Microcontrollers/STM32Cube_IDE/STM32CubeIDE_1.16.0/STM32CubeIDE/plugins/com.st.stm32cube.ide.mcu.externaltools.gnu-tools-for-stm32.12.3.rel1.win32_1.0.200.202406191623/tools/bin/../lib/gcc/arm-none-eabi/12.3.1/../../../../arm-none-eabi/lib/thumb/v7e-m+fp/hard/crt0.o (exit)
D:/APP/ST_Microcontrollers/STM32Cube_IDE/STM32CubeIDE_1.16.0/STM32CubeIDE/plugins/com.st.stm32cube.ide.mcu.externaltools.gnu-tools-for-stm32.12.3.rel1.win32_1.0.200.202406191623/tools/bin/../lib/gcc/arm-none-eabi/12.3.1/../../../../arm-none-eabi/lib/thumb/v7e-m+fp/hard\libc_nano.a(libc_a-findfp.o)
                              D:/APP/ST_Microcontrollers/STM32Cube_IDE/STM32CubeIDE_1.16.0/STM32CubeIDE/plugins/com.st.stm32cube.ide.mcu.externaltools.gnu-tools-for-stm32.12.3.rel1.win32_1.0.200.202406191623/tools/bin/../lib/gcc/arm-none-eabi/12.3.1/../../../../arm-none-eabi/lib/thumb/v7e-m+fp/hard\libc_nano.a(libc_a-exit.o) (__stdio_exit_handler)
D:/APP/ST_Microcontrollers/STM32Cube_IDE/STM32CubeIDE_1.16.0/STM32CubeIDE/plugins/com.st.stm32cube.ide.mcu.externaltools.gnu-tools-for-stm32.12.3.rel1.win32_1.0.200.202406191623/tools/bin/../lib/gcc/arm-none-eabi/12.3.1/../../../../arm-none-eabi/lib/thumb/v7e-m+fp/hard\libc_nano.a(libc_a-fwalk.o)
                              D:/APP/ST_Microcontrollers/STM32Cube_IDE/STM32CubeIDE_1.16.0/STM32CubeIDE/plugins/com.st.stm32cube.ide.mcu.externaltools.gnu-tools-for-stm32.12.3.rel1.win32_1.0.200.202406191623/tools/bin/../lib/gcc/arm-none-eabi/12.3.1/../../../../arm-none-eabi/lib/thumb/v7e-m+fp/hard\libc_nano.a(libc_a-findfp.o) (_fwalk_sglue)
D:/APP/ST_Microcontrollers/STM32Cube_IDE/STM32CubeIDE_1.16.0/STM32CubeIDE/plugins/com.st.stm32cube.ide.mcu.externaltools.gnu-tools-for-stm32.12.3.rel1.win32_1.0.200.202406191623/tools/bin/../lib/gcc/arm-none-eabi/12.3.1/../../../../arm-none-eabi/lib/thumb/v7e-m+fp/hard\libc_nano.a(libc_a-stdio.o)
                              D:/APP/ST_Microcontrollers/STM32Cube_IDE/STM32CubeIDE_1.16.0/STM32CubeIDE/plugins/com.st.stm32cube.ide.mcu.externaltools.gnu-tools-for-stm32.12.3.rel1.win32_1.0.200.202406191623/tools/bin/../lib/gcc/arm-none-eabi/12.3.1/../../../../arm-none-eabi/lib/thumb/v7e-m+fp/hard\libc_nano.a(libc_a-findfp.o) (__sread)
D:/APP/ST_Microcontrollers/STM32Cube_IDE/STM32CubeIDE_1.16.0/STM32CubeIDE/plugins/com.st.stm32cube.ide.mcu.externaltools.gnu-tools-for-stm32.12.3.rel1.win32_1.0.200.202406191623/tools/bin/../lib/gcc/arm-none-eabi/12.3.1/../../../../arm-none-eabi/lib/thumb/v7e-m+fp/hard\libc_nano.a(libc_a-memset.o)
                              D:/APP/ST_Microcontrollers/STM32Cube_IDE/STM32CubeIDE_1.16.0/STM32CubeIDE/plugins/com.st.stm32cube.ide.mcu.externaltools.gnu-tools-for-stm32.12.3.rel1.win32_1.0.200.202406191623/tools/bin/../lib/gcc/arm-none-eabi/12.3.1/../../../../arm-none-eabi/lib/thumb/v7e-m+fp/hard/crt0.o (memset)
D:/APP/ST_Microcontrollers/STM32Cube_IDE/STM32CubeIDE_1.16.0/STM32CubeIDE/plugins/com.st.stm32cube.ide.mcu.externaltools.gnu-tools-for-stm32.12.3.rel1.win32_1.0.200.202406191623/tools/bin/../lib/gcc/arm-none-eabi/12.3.1/../../../../arm-none-eabi/lib/thumb/v7e-m+fp/hard\libc_nano.a(libc_a-closer.o)
                              D:/APP/ST_Microcontrollers/STM32Cube_IDE/STM32CubeIDE_1.16.0/STM32CubeIDE/plugins/com.st.stm32cube.ide.mcu.externaltools.gnu-tools-for-stm32.12.3.rel1.win32_1.0.200.202406191623/tools/bin/../lib/gcc/arm-none-eabi/12.3.1/../../../../arm-none-eabi/lib/thumb/v7e-m+fp/hard\libc_nano.a(libc_a-stdio.o) (_close_r)
D:/APP/ST_Microcontrollers/STM32Cube_IDE/STM32CubeIDE_1.16.0/STM32CubeIDE/plugins/com.st.stm32cube.ide.mcu.externaltools.gnu-tools-for-stm32.12.3.rel1.win32_1.0.200.202406191623/tools/bin/../lib/gcc/arm-none-eabi/12.3.1/../../../../arm-none-eabi/lib/thumb/v7e-m+fp/hard\libc_nano.a(libc_a-reent.o)
                              D:/APP/ST_Microcontrollers/STM32Cube_IDE/STM32CubeIDE_1.16.0/STM32CubeIDE/plugins/com.st.stm32cube.ide.mcu.externaltools.gnu-tools-for-stm32.12.3.rel1.win32_1.0.200.202406191623/tools/bin/../lib/gcc/arm-none-eabi/12.3.1/../../../../arm-none-eabi/lib/thumb/v7e-m+fp/hard\libc_nano.a(libc_a-closer.o) (errno)
D:/APP/ST_Microcontrollers/STM32Cube_IDE/STM32CubeIDE_1.16.0/STM32CubeIDE/plugins/com.st.stm32cube.ide.mcu.externaltools.gnu-tools-for-stm32.12.3.rel1.win32_1.0.200.202406191623/tools/bin/../lib/gcc/arm-none-eabi/12.3.1/../../../../arm-none-eabi/lib/thumb/v7e-m+fp/hard\libc_nano.a(libc_a-impure.o)
[...]
Memory Configuration

Name             Origin             Length             Attributes
CCMRAM           0x10000000         0x00010000         xrw
RAM              0x20000000         0x00030000         xrw
FLASH            0x08000000         0x00200000         xr
*default*        0x00000000         0xffffffff

Linker script and memory map

LOAD D:/APP/ST_Microcontrollers/STM32Cube_IDE/STM32CubeIDE_1.16.0/STM32CubeIDE/plugins/com.st.stm32cube.ide.mcu.externaltools.gnu-tools-for-stm32.12.3.rel1.win32_1.0.200.202406191623/tools/bin/../lib/gcc/arm-none-eabi/12.3.1/thumb/v7e-m+fp/hard/crti.o
LOAD D:/APP/ST_Microcontrollers/STM32Cube_IDE/STM32CubeIDE_1.16.0/STM32CubeIDE/plugins/com.st.stm32cube.ide.mcu.externaltools.gnu-tools-for-stm32.12.3.rel1.win32_1.0.200.202406191623/tools/bin/../lib/gcc/arm-none-eabi/12.3.1/thumb/v7e-m+fp/hard/crtbegin.o
LOAD D:/APP/ST_Microcontrollers/STM32Cube_IDE/STM32CubeIDE_1.16.0/STM32CubeIDE/plugins/com.st.stm32cube.ide.mcu.externaltools.gnu-tools-for-stm32.12.3.rel1.win32_1.0.200.202406191623/tools/bin/../lib/gcc/arm-none-eabi/12.3.1/../../../../arm-none-eabi/lib/thumb/v7e-m+fp/hard/crt0.o
LOAD ./Core/Src/application/app.o
LOAD ./Core/Src/main.o
LOAD ./Core/Src/stm32f4xx_hal_msp.o
LOAD ./Core/Src/stm32f4xx_it.o
LOAD ./Core/Src/syscalls.o
LOAD ./Core/Src/sysmem.o
LOAD ./Core/Src/system_stm32f4xx.o
LOAD ./Core/Startup/startup_stm32f429zitx.o
LOAD ./Drivers/STM32F4xx_HAL_Driver/Src/stm32f4xx_hal.o
LOAD ./Drivers/STM32F4xx_HAL_Driver/Src/stm32f4xx_hal_cortex.o
LOAD ./Drivers/STM32F4xx_HAL_Driver/Src/stm32f4xx_hal_dma.o
LOAD ./Drivers/STM32F4xx_HAL_Driver/Src/stm32f4xx_hal_dma_ex.o
LOAD ./Drivers/STM32F4xx_HAL_Driver/Src/stm32f4xx_hal_exti.o
LOAD ./Drivers/STM32F4xx_HAL_Driver/Src/stm32f4xx_hal_flash.o
LOAD ./Drivers/STM32F4xx_HAL_Driver/Src/stm32f4xx_hal_flash_ex.o
LOAD ./Drivers/STM32F4xx_HAL_Driver/Src/stm32f4xx_hal_flash_ramfunc.o
LOAD ./Drivers/STM32F4xx_HAL_Driver/Src/stm32f4xx_hal_gpio.o
LOAD ./Drivers/STM32F4xx_HAL_Driver/Src/stm32f4xx_hal_pwr.o
LOAD ./Drivers/STM32F4xx_HAL_Driver/Src/stm32f4xx_hal_pwr_ex.o
LOAD ./Drivers/STM32F4xx_HAL_Driver/Src/stm32f4xx_hal_rcc.o
LOAD ./Drivers/STM32F4xx_HAL_Driver/Src/stm32f4xx_hal_rcc_ex.o
LOAD ./Drivers/STM32F4xx_HAL_Driver/Src/stm32f4xx_hal_tim.o
LOAD ./Drivers/STM32F4xx_HAL_Driver/Src/stm32f4xx_hal_tim_ex.o
LOAD ./TDRTOS/source/scheduler.o
LOAD ./TDRTOS/source/task.o
START GROUP
LOAD D:/APP/ST_Microcontrollers/STM32Cube_IDE/STM32CubeIDE_1.16.0/STM32CubeIDE/plugins/com.st.stm32cube.ide.mcu.externaltools.gnu-tools-for-stm32.12.3.rel1.win32_1.0.200.202406191623/tools/bin/../lib/gcc/arm-none-eabi/12.3.1/../../../../arm-none-eabi/lib/thumb/v7e-m+fp/hard\libc_nano.a
LOAD D:/APP/ST_Microcontrollers/STM32Cube_IDE/STM32CubeIDE_1.16.0/STM32CubeIDE/plugins/com.st.stm32cube.ide.mcu.externaltools.gnu-tools-for-stm32.12.3.rel1.win32_1.0.200.202406191623/tools/bin/../lib/gcc/arm-none-eabi/12.3.1/../../../../arm-none-eabi/lib/thumb/v7e-m+fp/hard\libm.a
END GROUP
START GROUP
LOAD D:/APP/ST_Microcontrollers/STM32Cube_IDE/STM32CubeIDE_1.16.0/STM32CubeIDE/plugins/com.st.stm32cube.ide.mcu.externaltools.gnu-tools-for-stm32.12.3.rel1.win32_1.0.200.202406191623/tools/bin/../lib/gcc/arm-none-eabi/12.3.1/thumb/v7e-m+fp/hard\libgcc.a
LOAD D:/APP/ST_Microcontrollers/STM32Cube_IDE/STM32CubeIDE_1.16.0/STM32CubeIDE/plugins/com.st.stm32cube.ide.mcu.externaltools.gnu-tools-for-stm32.12.3.rel1.win32_1.0.200.202406191623/tools/bin/../lib/gcc/arm-none-eabi/12.3.1/../../../../arm-none-eabi/lib/thumb/v7e-m+fp/hard\libc_nano.a
END GROUP
START GROUP
LOAD D:/APP/ST_Microcontrollers/STM32Cube_IDE/STM32CubeIDE_1.16.0/STM32CubeIDE/plugins/com.st.stm32cube.ide.mcu.externaltools.gnu-tools-for-stm32.12.3.rel1.win32_1.0.200.202406191623/tools/bin/../lib/gcc/arm-none-eabi/12.3.1/thumb/v7e-m+fp/hard\libgcc.a
LOAD D:/APP/ST_Microcontrollers/STM32Cube_IDE/STM32CubeIDE_1.16.0/STM32CubeIDE/plugins/com.st.stm32cube.ide.mcu.externaltools.gnu-tools-for-stm32.12.3.rel1.win32_1.0.200.202406191623/tools/bin/../lib/gcc/arm-none-eabi/12.3.1/../../../../arm-none-eabi/lib/thumb/v7e-m+fp/hard\libc_nano.a
LOAD D:/APP/ST_Microcontrollers/STM32Cube_IDE/STM32CubeIDE_1.16.0/STM32CubeIDE/plugins/com.st.stm32cube.ide.mcu.externaltools.gnu-tools-for-stm32.12.3.rel1.win32_1.0.200.202406191623/tools/bin/../lib/gcc/arm-none-eabi/12.3.1/../../../../arm-none-eabi/lib/thumb/v7e-m+fp/hard\libnosys.a
END GROUP
START GROUP
LOAD D:/APP/ST_Microcontrollers/STM32Cube_IDE/STM32CubeIDE_1.16.0/STM32CubeIDE/plugins/com.st.stm32cube.ide.mcu.externaltools.gnu-tools-for-stm32.12.3.rel1.win32_1.0.200.202406191623/tools/bin/../lib/gcc/arm-none-eabi/12.3.1/thumb/v7e-m+fp/hard\libgcc.a
LOAD D:/APP/ST_Microcontrollers/STM32Cube_IDE/STM32CubeIDE_1.16.0/STM32CubeIDE/plugins/com.st.stm32cube.ide.mcu.externaltools.gnu-tools-for-stm32.12.3.rel1.win32_1.0.200.202406191623/tools/bin/../lib/gcc/arm-none-eabi/12.3.1/../../../../arm-none-eabi/lib/thumb/v7e-m+fp/hard\libc_nano.a
LOAD D:/APP/ST_Microcontrollers/STM32Cube_IDE/STM32CubeIDE_1.16.0/STM32CubeIDE/plugins/com.st.stm32cube.ide.mcu.externaltools.gnu-tools-for-stm32.12.3.rel1.win32_1.0.200.202406191623/tools/bin/../lib/gcc/arm-none-eabi/12.3.1/../../../../arm-none-eabi/lib/thumb/v7e-m+fp/hard\libnosys.a
END GROUP
LOAD D:/APP/ST_Microcontrollers/STM32Cube_IDE/STM32CubeIDE_1.16.0/STM32CubeIDE/plugins/com.st.stm32cube.ide.mcu.externaltools.gnu-tools-for-stm32.12.3.rel1.win32_1.0.200.202406191623/tools/bin/../lib/gcc/arm-none-eabi/12.3.1/thumb/v7e-m+fp/hard/crtend.o
LOAD D:/APP/ST_Microcontrollers/STM32Cube_IDE/STM32CubeIDE_1.16.0/STM32CubeIDE/plugins/com.st.stm32cube.ide.mcu.externaltools.gnu-tools-for-stm32.12.3.rel1.win32_1.0.200.202406191623/tools/bin/../lib/gcc/arm-none-eabi/12.3.1/thumb/v7e-m+fp/hard/crtn.o
                0x20030000                        _estack = (ORIGIN (RAM) + LENGTH (RAM))
                0x00000200                        _Min_Heap_Size = 0x200
                0x00000400                        _Min_Stack_Size = 0x400

.isr_vector     0x08000000      0x1ac
                0x08000000                        . = ALIGN (0x4)
 *(.isr_vector)
 .isr_vector    0x08000000      0x1ac ./Core/Startup/startup_stm32f429zitx.o
                0x08000000                g_pfnVectors
                0x080001ac                        . = ALIGN (0x4)

.text           0x080001ac     0x2100
                0x080001ac                        . = ALIGN (0x4)
 *(.text)
 .text          0x080001ac       0x40 D:/APP/ST_Microcontrollers/STM32Cube_IDE/STM32CubeIDE_1.16.0/STM32CubeIDE/plugins/com.st.stm32cube.ide.mcu.externaltools.gnu-tools-for-stm32.12.3.rel1.win32_1.0.200.202406191623/tools/bin/../lib/gcc/arm-none-eabi/12.3.1/thumb/v7e-m+fp/hard/crtbegin.o
 .text          0x080001ec       0x30 D:/APP/ST_Microcontrollers/STM32Cube_IDE/STM32CubeIDE_1.16.0/STM32CubeIDE/plugins/com.st.stm32cube.ide.mcu.externaltools.gnu-tools-for-stm32.12.3.rel1.win32_1.0.200.202406191623/tools/bin/../lib/gcc/arm-none-eabi/12.3.1/thumb/v7e-m+fp/hard\libgcc.a(_aeabi_uldivmod.o)
                0x080001ec                __aeabi_uldivmod
 .text          0x0800021c      0x2bc D:/APP/ST_Microcontrollers/STM32Cube_IDE/STM32CubeIDE_1.16.0/STM32CubeIDE/plugins/com.st.stm32cube.ide.mcu.externaltools.gnu-tools-for-stm32.12.3.rel1.win32_1.0.200.202406191623/tools/bin/../lib/gcc/arm-none-eabi/12.3.1/thumb/v7e-m+fp/hard\libgcc.a(_udivmoddi4.o)
                0x0800021c                __udivmoddi4
 .text          0x080004d8        0x4 D:/APP/ST_Microcontrollers/STM32Cube_IDE/STM32CubeIDE_1.16.0/STM32CubeIDE/plugins/com.st.stm32cube.ide.mcu.externaltools.gnu-tools-for-stm32.12.3.rel1.win32_1.0.200.202406191623/tools/bin/../lib/gcc/arm-none-eabi/12.3.1/thumb/v7e-m+fp/hard\libgcc.a(_dvmd_tls.o)
                0x080004d8                __aeabi_idiv0
                0x080004d8                __aeabi_ldiv0
 *(.text*)
 .text.Task1Function
                0x080004dc       0x34 ./Core/Src/application/app.o
                0x080004dc                Task1Function
 .text.Task2Function
                0x08000510       0x34 ./Core/Src/application/app.o
                0x08000510                Task2Function
 .text.Task3Function
                0x08000544       0x24 ./Core/Src/application/app.o
                0x08000544                Task3Function
 .text.main     0x08000568       0xb0 ./Core/Src/main.o
                0x08000568                main
 .text.SystemClock_Config
                0x08000618       0xe0 ./Core/Src/main.o
                0x08000618                SystemClock_Config
 .text.MX_GPIO_Init
                0x080006f8       0xb4 ./Core/Src/main.o
 .text.Error_Handler
                0x080007ac        0xc ./Core/Src/main.o
                0x080007ac                Error_Handler
 .text.HAL_MspInit
                0x080007b8       0x88 ./Core/Src/stm32f4xx_hal_msp.o
                0x080007b8                HAL_MspInit
 .text.NMI_Handler
                0x08000840        0x8 ./Core/Src/stm32f4xx_it.o
                0x08000840                NMI_Handler
 .text.HardFault_Handler
                0x08000848       0x34 ./Core/Src/stm32f4xx_it.o
                0x08000848                HardFault_Handler
 .text.MemManage_Handler
                0x0800087c        0x8 ./Core/Src/stm32f4xx_it.o
                0x0800087c                MemManage_Handler
 .text.BusFault_Handler
                0x08000884        0x8 ./Core/Src/stm32f4xx_it.o
                0x08000884                BusFault_Handler
 .text.UsageFault_Handler
                0x0800088c        0x8 ./Core/Src/stm32f4xx_it.o
                0x0800088c                UsageFault_Handler
 .text.SVC_Handler
                0x08000894       0x20 ./Core/Src/stm32f4xx_it.o
                0x08000894                SVC_Handler
 .text.DebugMon_Handler
                0x080008b4        0xe ./Core/Src/stm32f4xx_it.o
                0x080008b4                DebugMon_Handler
 *fill*         0x080008c2        0x2 
 .text.PendSV_Handler
                0x080008c4       0x3c ./Core/Src/stm32f4xx_it.o
                0x080008c4                PendSV_Handler
 .text.SysTick_Handler
                0x08000900       0x10 ./Core/Src/stm32f4xx_it.o
                0x08000900                SysTick_Handler
 .text.PVD_IRQHandler
                0x08000910        0xc ./Core/Src/stm32f4xx_it.o
                0x08000910                PVD_IRQHandler
 .text.FLASH_IRQHandler
                0x0800091c        0xc ./Core/Src/stm32f4xx_it.o
                0x0800091c                FLASH_IRQHandler
 .text.RCC_IRQHandler
                0x08000928        0xe ./Core/Src/stm32f4xx_it.o
                0x08000928                RCC_IRQHandler
 *fill*         0x08000936        0x2 
 .text.SystemInit
                0x08000938       0x24 ./Core/Src/system_stm32f4xx.o
                0x08000938                SystemInit
 .text.Reset_Handler
                0x0800095c       0x50 ./Core/Startup/startup_stm32f429zitx.o
                0x0800095c                Reset_Handler
 .text.Default_Handler
                0x080009ac        0x2 ./Core/Startup/startup_stm32f429zitx.o
                0x080009ac                RTC_Alarm_IRQHandler
                0x080009ac                HASH_RNG_IRQHandler
                0x080009ac                EXTI2_IRQHandler
                0x080009ac                TIM8_CC_IRQHandler
                0x080009ac                UART8_IRQHandler
                0x080009ac                SPI4_IRQHandler
                0x080009ac                TIM1_CC_IRQHandler
                0x080009ac                DMA2_Stream5_IRQHandler
                0x080009ac                DMA1_Stream5_IRQHandler
                0x080009ac                SDIO_IRQHandler
                0x080009ac                TAMP_STAMP_IRQHandler
                0x080009ac                CAN2_RX1_IRQHandler
                0x080009ac                EXTI3_IRQHandler
                0x080009ac                TIM8_TRG_COM_TIM14_IRQHandler
                0x080009ac                TIM1_UP_TIM10_IRQHandler
                0x080009ac                TIM8_UP_TIM13_IRQHandler
                0x080009ac                I2C3_ER_IRQHandler
                0x080009ac                EXTI0_IRQHandler
                0x080009ac                I2C2_EV_IRQHandler
                0x080009ac                DMA1_Stream2_IRQHandler
                0x080009ac                CAN1_RX0_IRQHandler
                0x080009ac                FPU_IRQHandler
                0x080009ac                OTG_HS_WKUP_IRQHandler
                0x080009ac                LTDC_ER_IRQHandler
                0x080009ac                CAN2_SCE_IRQHandler
                0x080009ac                DMA2_Stream2_IRQHandler
                0x080009ac                SPI1_IRQHandler
                0x080009ac                TIM6_DAC_IRQHandler
                0x080009ac                TIM1_BRK_TIM9_IRQHandler
                0x080009ac                DCMI_IRQHandler
                0x080009ac                CAN2_RX0_IRQHandler
                0x080009ac                DMA2_Stream3_IRQHandler
                0x080009ac                USART6_IRQHandler
                0x080009ac                USART3_IRQHandler
                0x080009ac                CAN1_RX1_IRQHandler
                0x080009ac                UART5_IRQHandler
                0x080009ac                DMA2_Stream0_IRQHandler
                0x080009ac                TIM4_IRQHandler
                0x080009ac                I2C1_EV_IRQHandler
                0x080009ac                DMA1_Stream6_IRQHandler
                0x080009ac                DMA1_Stream1_IRQHandler
                0x080009ac                UART4_IRQHandler
                0x080009ac                TIM3_IRQHandler
                0x080009ac                TIM8_BRK_TIM12_IRQHandler
                0x080009ac                Default_Handler
                0x080009ac                EXTI15_10_IRQHandler
                0x080009ac                ADC_IRQHandler
                0x080009ac                DMA1_Stream7_IRQHandler
                0x080009ac                SPI5_IRQHandler
                0x080009ac                TIM7_IRQHandler
                0x080009ac                CAN2_TX_IRQHandler
                0x080009ac                TIM5_IRQHandler
                0x080009ac                DMA2_Stream7_IRQHandler
                0x080009ac                I2C3_EV_IRQHandler
                0x080009ac                EXTI9_5_IRQHandler
                0x080009ac                RTC_WKUP_IRQHandler
                0x080009ac                LTDC_IRQHandler
                0x080009ac                ETH_WKUP_IRQHandler
                0x080009ac                SPI2_IRQHandler
                0x080009ac                OTG_HS_EP1_IN_IRQHandler
                0x080009ac                DMA1_Stream0_IRQHandler
                0x080009ac                CAN1_TX_IRQHandler
                0x080009ac                EXTI4_IRQHandler
                0x080009ac                ETH_IRQHandler
                0x080009ac                OTG_HS_EP1_OUT_IRQHandler
                0x080009ac                WWDG_IRQHandler
                0x080009ac                SPI6_IRQHandler
                0x080009ac                TIM2_IRQHandler
                0x080009ac                OTG_FS_WKUP_IRQHandler
                0x080009ac                TIM1_TRG_COM_TIM11_IRQHandler
                0x080009ac                OTG_HS_IRQHandler
                0x080009ac                DMA2D_IRQHandler
                0x080009ac                EXTI1_IRQHandler
                0x080009ac                UART7_IRQHandler
                0x080009ac                USART2_IRQHandler
                0x080009ac                I2C2_ER_IRQHandler
                0x080009ac                DMA2_Stream1_IRQHandler
                0x080009ac                CAN1_SCE_IRQHandler
                0x080009ac                DMA2_Stream4_IRQHandler
                0x080009ac                USART1_IRQHandler
                0x080009ac                OTG_FS_IRQHandler
                0x080009ac                SPI3_IRQHandler
                0x080009ac                DMA1_Stream4_IRQHandler
                0x080009ac                I2C1_ER_IRQHandler
                0x080009ac                FMC_IRQHandler
                0x080009ac                DMA2_Stream6_IRQHandler
                0x080009ac                SAI1_IRQHandler
                0x080009ac                DMA1_Stream3_IRQHandler
 *fill*         0x080009ae        0x2 
 .text.HAL_Init
                0x080009b0       0x44 ./Drivers/STM32F4xx_HAL_Driver/Src/stm32f4xx_hal.o
                0x080009b0                HAL_Init
 .text.HAL_InitTick
                0x080009f4       0x60 ./Drivers/STM32F4xx_HAL_Driver/Src/stm32f4xx_hal.o
                0x080009f4                HAL_InitTick
 .text.HAL_IncTick
                0x08000a54       0x28 ./Drivers/STM32F4xx_HAL_Driver/Src/stm32f4xx_hal.o
                0x08000a54                HAL_IncTick
 .text.HAL_GetTick
                0x08000a7c       0x18 ./Drivers/STM32F4xx_HAL_Driver/Src/stm32f4xx_hal.o
                0x08000a7c                HAL_GetTick
 .text.__NVIC_SetPriorityGrouping
                0x08000a94       0x48 ./Drivers/STM32F4xx_HAL_Driver/Src/stm32f4xx_hal_cortex.o
 .text.__NVIC_GetPriorityGrouping
                0x08000adc       0x1c ./Drivers/STM32F4xx_HAL_Driver/Src/stm32f4xx_hal_cortex.o
 .text.__NVIC_EnableIRQ
                0x08000af8       0x3c ./Drivers/STM32F4xx_HAL_Driver/Src/stm32f4xx_hal_cortex.o
 .text.__NVIC_SetPriority
                0x08000b34       0x54 ./Drivers/STM32F4xx_HAL_Driver/Src/stm32f4xx_hal_cortex.o
 .text.NVIC_EncodePriority
                0x08000b88       0x66 ./Drivers/STM32F4xx_HAL_Driver/Src/stm32f4xx_hal_cortex.o
 *fill*         0x08000bee        0x2 
 .text.SysTick_Config
                0x08000bf0       0x44 ./Drivers/STM32F4xx_HAL_Driver/Src/stm32f4xx_hal_cortex.o
 .text.HAL_NVIC_SetPriorityGrouping
                0x08000c34       0x16 ./Drivers/STM32F4xx_HAL_Driver/Src/stm32f4xx_hal_cortex.o
                0x08000c34                HAL_NVIC_SetPriorityGrouping
 .text.HAL_NVIC_SetPriority
                0x08000c4a       0x38 ./Drivers/STM32F4xx_HAL_Driver/Src/stm32f4xx_hal_cortex.o
                0x08000c4a                HAL_NVIC_SetPriority
 .text.HAL_NVIC_EnableIRQ
                0x08000c82       0x1c ./Drivers/STM32F4xx_HAL_Driver/Src/stm32f4xx_hal_cortex.o
                0x08000c82                HAL_NVIC_EnableIRQ
 .text.HAL_SYSTICK_Config
                0x08000c9e       0x18 ./Drivers/STM32F4xx_HAL_Driver/Src/stm32f4xx_hal_cortex.o
                0x08000c9e                HAL_SYSTICK_Config
 *fill*         0x08000cb6        0x2 
 .text.HAL_FLASH_IRQHandler
                0x08000cb8      0x13c ./Drivers/STM32F4xx_HAL_Driver/Src/stm32f4xx_hal_flash.o
                0x08000cb8                HAL_FLASH_IRQHandler
 .text.HAL_FLASH_EndOfOperationCallback
                0x08000df4       0x14 ./Drivers/STM32F4xx_HAL_Driver/Src/stm32f4xx_hal_flash.o
                0x08000df4                HAL_FLASH_EndOfOperationCallback
 .text.HAL_FLASH_OperationErrorCallback
                0x08000e08       0x14 ./Drivers/STM32F4xx_HAL_Driver/Src/stm32f4xx_hal_flash.o
                0x08000e08                HAL_FLASH_OperationErrorCallback
 .text.FLASH_SetErrorCode
                0x08000e1c       0xcc ./Drivers/STM32F4xx_HAL_Driver/Src/stm32f4xx_hal_flash.o
 .text.FLASH_Erase_Sector
                0x08000ee8       0x9c ./Drivers/STM32F4xx_HAL_Driver/Src/stm32f4xx_hal_flash_ex.o
                0x08000ee8                FLASH_Erase_Sector
 .text.FLASH_FlushCaches
                0x08000f84       0x8c ./Drivers/STM32F4xx_HAL_Driver/Src/stm32f4xx_hal_flash_ex.o
                0x08000f84                FLASH_FlushCaches
 .text.HAL_GPIO_Init
                0x08001010      0x358 ./Drivers/STM32F4xx_HAL_Driver/Src/stm32f4xx_hal_gpio.o
                0x08001010                HAL_GPIO_Init
 .text.HAL_GPIO_WritePin
                0x08001368       0x32 ./Drivers/STM32F4xx_HAL_Driver/Src/stm32f4xx_hal_gpio.o
                0x08001368                HAL_GPIO_WritePin
 *fill*         0x0800139a        0x2 
 .text.HAL_PWR_PVD_IRQHandler
                0x0800139c       0x24 ./Drivers/STM32F4xx_HAL_Driver/Src/stm32f4xx_hal_pwr.o
                0x0800139c                HAL_PWR_PVD_IRQHandler
 .text.HAL_PWR_PVDCallback
                0x080013c0        0xe ./Drivers/STM32F4xx_HAL_Driver/Src/stm32f4xx_hal_pwr.o
                0x080013c0                HAL_PWR_PVDCallback
 *fill*         0x080013ce        0x2 
 .text.HAL_PWREx_EnableOverDrive
                0x080013d0       0xa0 ./Drivers/STM32F4xx_HAL_Driver/Src/stm32f4xx_hal_pwr_ex.o
                0x080013d0                HAL_PWREx_EnableOverDrive
 .text.HAL_RCC_OscConfig
                0x08001470      0x4f0 ./Drivers/STM32F4xx_HAL_Driver/Src/stm32f4xx_hal_rcc.o
                0x08001470                HAL_RCC_OscConfig
 .text.HAL_RCC_ClockConfig
                0x08001960      0x1cc ./Drivers/STM32F4xx_HAL_Driver/Src/stm32f4xx_hal_rcc.o
                0x08001960                HAL_RCC_ClockConfig
 .text.HAL_RCC_GetSysClockFreq
                0x08001b2c      0x18c ./Drivers/STM32F4xx_HAL_Driver/Src/stm32f4xx_hal_rcc.o
                0x08001b2c                HAL_RCC_GetSysClockFreq
 .text.idleTaskFunction
                0x08001cb8        0xc ./TDRTOS/source/scheduler.o
 .text.triggerContextSwitch
                0x08001cc4       0x20 ./TDRTOS/source/scheduler.o
 .text.TDRTOS_SchedulerInit
                0x08001ce4       0xb0 ./TDRTOS/source/scheduler.o
                0x08001ce4                TDRTOS_SchedulerInit
 .text.TDRTOS_AddTask
                0x08001d94       0x54 ./TDRTOS/source/scheduler.o
                0x08001d94                TDRTOS_AddTask
 .text.TDRTOS_SelectNextTask
                0x08001de8       0xfc ./TDRTOS/source/scheduler.o
                0x08001de8                TDRTOS_SelectNextTask
 .text.TDRTOS_TickHandler
                0x08001ee4       0x7c ./TDRTOS/source/scheduler.o
                0x08001ee4                TDRTOS_TickHandler
 .text.TDRTOS_Delay
                0x08001f60       0x40 ./TDRTOS/source/scheduler.o
                0x08001f60                TDRTOS_Delay
 .text.startSysTick
                0x08001fa0       0x30 ./TDRTOS/source/scheduler.o
 .text.TDRTOS_Start
                0x08001fd0       0xd4 ./TDRTOS/source/scheduler.o
                0x08001fd0                TDRTOS_Start
 .text.OS_SysTick_Handler
                0x080020a4       0x1c ./TDRTOS/source/scheduler.o
                0x080020a4                OS_SysTick_Handler
 .text.TDRTOS_TaskCreate
                0x080020c0      0x17c ./TDRTOS/source/task.o
                0x080020c0                TDRTOS_TaskCreate
 .text.memset   0x0800223c       0x10 D:/APP/ST_Microcontrollers/STM32Cube_IDE/STM32CubeIDE_1.16.0/STM32CubeIDE/plugins/com.st.stm32cube.ide.mcu.externaltools.gnu-tools-for-stm32.12.3.rel1.win32_1.0.200.202406191623/tools/bin/../lib/gcc/arm-none-eabi/12.3.1/../../../../arm-none-eabi/lib/thumb/v7e-m+fp/hard\libc_nano.a(libc_a-memset.o)
                0x0800223c                memset
 .text.__libc_init_array
                0x0800224c       0x48 D:/APP/ST_Microcontrollers/STM32Cube_IDE/STM32CubeIDE_1.16.0/STM32CubeIDE/plugins/com.st.stm32cube.ide.mcu.externaltools.gnu-tools-for-stm32.12.3.rel1.win32_1.0.200.202406191623/tools/bin/../lib/gcc/arm-none-eabi/12.3.1/../../../../arm-none-eabi/lib/thumb/v7e-m+fp/hard\libc_nano.a(libc_a-init.o)
                0x0800224c                __libc_init_array
 *(.glue_7)
 .glue_7        0x08002294        0x0 linker stubs
 *(.glue_7t)
 .glue_7t       0x08002294        0x0 linker stubs
 *(.eh_frame)
 .eh_frame      0x08002294        0x0 D:/APP/ST_Microcontrollers/STM32Cube_IDE/STM32CubeIDE_1.16.0/STM32CubeIDE/plugins/com.st.stm32cube.ide.mcu.externaltools.gnu-tools-for-stm32.12.3.rel1.win32_1.0.200.202406191623/tools/bin/../lib/gcc/arm-none-eabi/12.3.1/thumb/v7e-m+fp/hard/crtbegin.o
 *(.init)
 .init          0x08002294        0x4 D:/APP/ST_Microcontrollers/STM32Cube_IDE/STM32CubeIDE_1.16.0/STM32CubeIDE/plugins/com.st.stm32cube.ide.mcu.externaltools.gnu-tools-for-stm32.12.3.rel1.win32_1.0.200.202406191623/tools/bin/../lib/gcc/arm-none-eabi/12.3.1/thumb/v7e-m+fp/hard/crti.o
                0x08002294                _init
 .init          0x08002298        0x8 D:/APP/ST_Microcontrollers/STM32Cube_IDE/STM32CubeIDE_1.16.0/STM32CubeIDE/plugins/com.st.stm32cube.ide.mcu.externaltools.gnu-tools-for-stm32.12.3.rel1.win32_1.0.200.202406191623/tools/bin/../lib/gcc/arm-none-eabi/12.3.1/thumb/v7e-m+fp/hard/crtn.o
 *(.fini)
 .fini          0x080022a0        0x4 D:/APP/ST_Microcontrollers/STM32Cube_IDE/STM32CubeIDE_1.16.0/STM32CubeIDE/plugins/com.st.stm32cube.ide.mcu.externaltools.gnu-tools-for-stm32.12.3.rel1.win32_1.0.200.202406191623/tools/bin/../lib/gcc/arm-none-eabi/12.3.1/thumb/v7e-m+fp/hard/crti.o
                0x080022a0                _fini
 .fini          0x080022a4        0x8 D:/APP/ST_Microcontrollers/STM32Cube_IDE/STM32CubeIDE_1.16.0/STM32CubeIDE/plugins/com.st.stm32cube.ide.mcu.externaltools.gnu-tools-for-stm32.12.3.rel1.win32_1.0.200.202406191623/tools/bin/../lib/gcc/arm-none-eabi/12.3.1/thumb/v7e-m+fp/hard/crtn.o
                0x080022ac                        . = ALIGN (0x4)
                0x080022ac                        _etext = .

.vfp11_veneer   0x080022ac        0x0
 .vfp11_veneer  0x080022ac        0x0 linker stubs

.v4_bx          0x080022ac        0x0
 .v4_bx         0x080022ac        0x0 linker stubs

.iplt           0x080022ac        0x0
 .iplt          0x080022ac        0x0 D:/APP/ST_Microcontrollers/STM32Cube_IDE/STM32CubeIDE_1.16.0/STM32CubeIDE/plugins/com.st.stm32cube.ide.mcu.externaltools.gnu-tools-for-stm32.12.3.rel1.win32_1.0.200.202406191623/tools/bin/../lib/gcc/arm-none-eabi/12.3.1/thumb/v7e-m+fp/hard/crtbegin.o

.rodata         0x080022ac       0x30
                0x080022ac                        . = ALIGN (0x4)
 *(.rodata)
 .rodata        0x080022ac       0x16 ./Core/Src/main.o
 *fill*         0x080022c2        0x2 
 .rodata        0x080022c4        0x5 ./TDRTOS/source/scheduler.o
 *(.rodata*)
 *fill*         0x080022c9        0x3 
 .rodata.AHBPrescTable
                0x080022cc       0x10 ./Core/Src/system_stm32f4xx.o
                0x080022cc                AHBPrescTable
                0x080022dc                        . = ALIGN (0x4)

.ARM.extab      0x080022dc        0x0
                0x080022dc                        . = ALIGN (0x4)
 *(.ARM.extab* .gnu.linkonce.armextab.*)
                0x080022dc                        . = ALIGN (0x4)

.ARM            0x080022dc        0x8
                0x080022dc                        . = ALIGN (0x4)
                0x080022dc                        __exidx_start = .
 *(.ARM.exidx*)
 .ARM.exidx     0x080022dc        0x8 D:/APP/ST_Microcontrollers/STM32Cube_IDE/STM32CubeIDE_1.16.0/STM32CubeIDE/plugins/com.st.stm32cube.ide.mcu.externaltools.gnu-tools-for-stm32.12.3.rel1.win32_1.0.200.202406191623/tools/bin/../lib/gcc/arm-none-eabi/12.3.1/thumb/v7e-m+fp/hard\libgcc.a(_udivmoddi4.o)
                0x080022e4                        __exidx_end = .
                0x080022e4                        . = ALIGN (0x4)

.preinit_array  0x080022e4        0x0
                0x080022e4                        . = ALIGN (0x4)
                0x080022e4                        PROVIDE (__preinit_array_start = .)
 *(.preinit_array*)
                0x080022e4                        PROVIDE (__preinit_array_end = .)
                0x080022e4                        . = ALIGN (0x4)

.init_array     0x080022e4        0x4
                0x080022e4                        . = ALIGN (0x4)
                0x080022e4                        PROVIDE (__init_array_start = .)
 *(SORT_BY_NAME(.init_array.*))
 *(.init_array*)
 .init_array    0x080022e4        0x4 D:/APP/ST_Microcontrollers/STM32Cube_IDE/STM32CubeIDE_1.16.0/STM32CubeIDE/plugins/com.st.stm32cube.ide.mcu.externaltools.gnu-tools-for-stm32.12.3.rel1.win32_1.0.200.202406191623/tools/bin/../lib/gcc/arm-none-eabi/12.3.1/thumb/v7e-m+fp/hard/crtbegin.o
                0x080022e8                        PROVIDE (__init_array_end = .)
                0x080022e8                        . = ALIGN (0x4)

.fini_array     0x080022e8        0x4
                0x080022e8                        . = ALIGN (0x4)
                [!provide]                        PROVIDE (__fini_array_start = .)
 *(SORT_BY_NAME(.fini_array.*))
 *(.fini_array*)
 .fini_array    0x080022e8        0x4 D:/APP/ST_Microcontrollers/STM32Cube_IDE/STM32CubeIDE_1.16.0/STM32CubeIDE/plugins/com.st.stm32cube.ide.mcu.externaltools.gnu-tools-for-stm32.12.3.rel1.win32_1.0.200.202406191623/tools/bin/../lib/gcc/arm-none-eabi/12.3.1/thumb/v7e-m+fp/hard/crtbegin.o
                [!provide]                        PROVIDE (__fini_array_end = .)
                0x080022ec                        . = ALIGN (0x4)
                0x080022ec                        _sidata = LOADADDR (.data)

.rel.dyn        0x080022ec        0x0
 .rel.iplt      0x080022ec        0x0 D:/APP/ST_Microcontrollers/STM32Cube_IDE/STM32CubeIDE_1.16.0/STM32CubeIDE/plugins/com.st.stm32cube.ide.mcu.externaltools.gnu-tools-for-stm32.12.3.rel1.win32_1.0.200.202406191623/tools/bin/../lib/gcc/arm-none-eabi/12.3.1/thumb/v7e-m+fp/hard/crtbegin.o

.data           0x20000000       0x2c load address 0x080022ec
                0x20000000                        . = ALIGN (0x4)
                0x20000000                        _sdata = .
 *(.data)
 *(.data*)
 .data.SystemCoreClock
                0x20000000        0x4 ./Core/Src/system_stm32f4xx.o
                0x20000000                SystemCoreClock
 .data.uwTickPrio
                0x20000004        0x4 ./Drivers/STM32F4xx_HAL_Driver/Src/stm32f4xx_hal.o
                0x20000004                uwTickPrio
 .data.uwTickFreq
                0x20000008        0x1 ./Drivers/STM32F4xx_HAL_Driver/Src/stm32f4xx_hal.o
                0x20000008                uwTickFreq
 *fill*         0x20000009        0x3 
 .data.pFlash   0x2000000c       0x20 ./Drivers/STM32F4xx_HAL_Driver/Src/stm32f4xx_hal_flash.o
                0x2000000c                pFlash
 *(.RamFunc)
 *(.RamFunc*)
                0x2000002c                        . = ALIGN (0x4)
                0x2000002c                        _edata = .
                0x08002318                        _siccmram = LOADADDR (.ccmram)

.igot.plt       0x2000002c        0x0 load address 0x08002318
 .igot.plt      0x2000002c        0x0 D:/APP/ST_Microcontrollers/STM32Cube_IDE/STM32CubeIDE_1.16.0/STM32CubeIDE/plugins/com.st.stm32cube.ide.mcu.externaltools.gnu-tools-for-stm32.12.3.rel1.win32_1.0.200.202406191623/tools/bin/../lib/gcc/arm-none-eabi/12.3.1/thumb/v7e-m+fp/hard/crtbegin.o

.ccmram         0x10000000        0x0 load address 0x08002318
                0x10000000                        . = ALIGN (0x4)
                0x10000000                        _sccmram = .
 *(.ccmram)
 *(.ccmram*)
                0x10000000                        . = ALIGN (0x4)
                0x10000000                        _eccmram = .
                0x10000000                        . = ALIGN (0x4)

.bss            0x2000002c      0xdd4
                0x2000002c                        _sbss = .
                0x2000002c                        __bss_start__ = _sbss
 *(.bss)
 .bss           0x2000002c       0x1c D:/APP/ST_Microcontrollers/STM32Cube_IDE/STM32CubeIDE_1.16.0/STM32CubeIDE/plugins/com.st.stm32cube.ide.mcu.externaltools.gnu-tools-for-stm32.12.3.rel1.win32_1.0.200.202406191623/tools/bin/../lib/gcc/arm-none-eabi/12.3.1/thumb/v7e-m+fp/hard/crtbegin.o
 *(.bss*)
 .bss.task1Counter
                0x20000048        0x4 ./Core/Src/application/app.o
                0x20000048                task1Counter
 .bss.task2Counter
                0x2000004c        0x4 ./Core/Src/application/app.o
                0x2000004c                task2Counter
 .bss.task3Counter
                0x20000050        0x4 ./Core/Src/application/app.o
                0x20000050                task3Counter
 .bss.task1Stack
                0x20000054      0x400 ./Core/Src/main.o
 .bss.task2Stack
                0x20000454      0x400 ./Core/Src/main.o
 .bss.task3Stack
                0x20000854      0x400 ./Core/Src/main.o
 .bss.task1TCB  0x20000c54       0x1c ./Core/Src/main.o
 .bss.task2TCB  0x20000c70       0x1c ./Core/Src/main.o
 .bss.task3TCB  0x20000c8c       0x1c ./Core/Src/main.o
 .bss.uwTick    0x20000ca8        0x4 ./Drivers/STM32F4xx_HAL_Driver/Src/stm32f4xx_hal.o
                0x20000ca8                uwTick
 .bss.g_currentTCB
                0x20000cac        0x4 ./TDRTOS/source/scheduler.o
                0x20000cac                g_currentTCB
 .bss.s_nextTCB
                0x20000cb0        0x4 ./TDRTOS/source/scheduler.o
 .bss.s_taskList
                0x20000cb4       0x20 ./TDRTOS/source/scheduler.o
 .bss.s_taskCount
                0x20000cd4        0x4 ./TDRTOS/source/scheduler.o
 .bss.s_currentTaskIndex
                0x20000cd8        0x4 ./TDRTOS/source/scheduler.o
 .bss.s_tickCount
                0x20000cdc        0x4 ./TDRTOS/source/scheduler.o
 .bss.s_schedulerRunning
                0x20000ce0        0x1 ./TDRTOS/source/scheduler.o
 *fill*         0x20000ce1        0x3 
 .bss.s_idleTaskStack
                0x20000ce4      0x100 ./TDRTOS/source/scheduler.o
 .bss.s_idleTaskTCB
                0x20000de4       0x1c ./TDRTOS/source/scheduler.o
 *(COMMON)
                0x20000e00                        . = ALIGN (0x4)
                0x20000e00                        _ebss = .
                0x20000e00                        __bss_end__ = _ebss

._user_heap_stack
                0x20000e00      0x600
                0x20000e00                        . = ALIGN (0x8)
                [!provide]                        PROVIDE (end = .)
                0x20000e00                        PROVIDE (_end = .)
                0x20001000                        . = (. + _Min_Heap_Size)
 *fill*         0x20000e00      0x200 
                0x20001400                        . = (. + _Min_Stack_Size)
 *fill*         0x20001000      0x400 
                0x20001400                        . = ALIGN (0x8)

/DISCARD/
 libc.a(*)
 libm.a(*)
 libgcc.a(*)

.ARM.attributes
                0x00000000       0x30
 *(.ARM.attributes)
 .ARM.attributes
                0x00000000       0x22 D:/APP/ST_Microcontrollers/STM32Cube_IDE/STM32CubeIDE_1.16.0/STM32CubeIDE/plugins/com.st.stm32cube.ide.mcu.externaltools.gnu-tools-for-stm32.12.3.rel1.win32_1.0.200.202406191623/tools/bin/../lib/gcc/arm-none-eabi/12.3.1/thumb/v7e-m+fp/hard/crti.o
 .ARM.attributes
                0x00000022       0x34 D:/APP/ST_Microcontrollers/STM32Cube_IDE/STM32CubeIDE_1.16.0/STM32CubeIDE/plugins/com.st.stm32cube.ide.mcu.externaltools.gnu-tools-for-stm32.12.3.rel1.win32_1.0.200.202406191623/tools/bin/../lib/gcc/arm-none-eabi/12.3.1/thumb/v7e-m+fp/hard/crtbegin.o
 .ARM.attributes
                0x00000056       0x34 ./Core/Src/application/app.o
 .ARM.attributes
                0x0000008a       0x34 ./Core/Src/main.o
 .ARM.attributes
                0x000000be       0x34 ./Core/Src/stm32f4xx_hal_msp.o
 .ARM.attributes
                0x000000f2       0x34 ./Core/Src/stm32f4xx_it.o
 .ARM.attributes
                0x00000126       0x34 ./Core/Src/system_stm32f4xx.o
 .ARM.attributes
                0x0000015a       0x21 ./Core/Startup/startup_stm32f429zitx.o
 .ARM.attributes
                0x0000017b       0x34 ./Drivers/STM32F4xx_HAL_Driver/Src/stm32f4xx_hal.o
 .ARM.attributes
                0x000001af       0x34 ./Drivers/STM32F4xx_HAL_Driver/Src/stm32f4xx_hal_cortex.o
 .ARM.attributes
                0x000001e3       0x34 ./Drivers/STM32F4xx_HAL_Driver/Src/stm32f4xx_hal_flash.o
 .ARM.attributes
                0x00000217       0x34 ./Drivers/STM32F4xx_HAL_Driver/Src/stm32f4xx_hal_flash_ex.o
 .ARM.attributes
                0x0000024b       0x34 ./Drivers/STM32F4xx_HAL_Driver/Src/stm32f4xx_hal_gpio.o
 .ARM.attributes
                0x0000027f       0x34 ./Drivers/STM32F4xx_HAL_Driver/Src/stm32f4xx_hal_pwr.o
 .ARM.attributes
                0x000002b3       0x34 ./Drivers/STM32F4xx_HAL_Driver/Src/stm32f4xx_hal_pwr_ex.o
 .ARM.attributes
                0x000002e7       0x34 ./Drivers/STM32F4xx_HAL_Driver/Src/stm32f4xx_hal_rcc.o
 .ARM.attributes
                0x0000031b       0x34 ./TDRTOS/source/scheduler.o
 .ARM.attributes
                0x0000034f       0x34 ./TDRTOS/source/task.o
 .ARM.attributes
                0x00000383       0x34 D:/APP/ST_Microcontrollers/STM32Cube_IDE/STM32CubeIDE_1.16.0/STM32CubeIDE/plugins/com.st.stm32cube.ide.mcu.externaltools.gnu-tools-for-stm32.12.3.rel1.win32_1.0.200.202406191623/tools/bin/../lib/gcc/arm-none-eabi/12.3.1/../../../../arm-none-eabi/lib/thumb/v7e-m+fp/hard\libc_nano.a(libc_a-memset.o)
 .ARM.attributes
                0x000003b7       0x34 D:/APP/ST_Microcontrollers/STM32Cube_IDE/STM32CubeIDE_1.16.0/STM32CubeIDE/plugins/com.st.stm32cube.ide.mcu.externaltools.gnu-tools-for-stm32.12.3.rel1.win32_1.0.200.202406191623/tools/bin/../lib/gcc/arm-none-eabi/12.3.1/../../../../arm-none-eabi/lib/thumb/v7e-m+fp/hard\libc_nano.a(libc_a-init.o)
 .ARM.attributes
                0x000003eb       0x22 D:/APP/ST_Microcontrollers/STM32Cube_IDE/STM32CubeIDE_1.16.0/STM32CubeIDE/plugins/com.st.stm32cube.ide.mcu.externaltools.gnu-tools-for-stm32.12.3.rel1.win32_1.0.200.202406191623/tools/bin/../lib/gcc/arm-none-eabi/12.3.1/thumb/v7e-m+fp/hard\libgcc.a(_aeabi_uldivmod.o)
 .ARM.attributes
                0x0000040d       0x34 D:/APP/ST_Microcontrollers/STM32Cube_IDE/STM32CubeIDE_1.16.0/STM32CubeIDE/plugins/com.st.stm32cube.ide.mcu.externaltools.gnu-tools-for-stm32.12.3.rel1.win32_1.0.200.202406191623/tools/bin/../lib/gcc/arm-none-eabi/12.3.1/thumb/v7e-m+fp/hard\libgcc.a(_udivmoddi4.o)
 .ARM.attributes
                0x00000441       0x22 D:/APP/ST_Microcontrollers/STM32Cube_IDE/STM32CubeIDE_1.16.0/STM32CubeIDE/plugins/com.st.stm32cube.ide.mcu.externaltools.gnu-tools-for-stm32.12.3.rel1.win32_1.0.200.202406191623/tools/bin/../lib/gcc/arm-none-eabi/12.3.1/thumb/v7e-m+fp/hard\libgcc.a(_dvmd_tls.o)
 .ARM.attributes
                0x00000463       0x22 D:/APP/ST_Microcontrollers/STM32Cube_IDE/STM32CubeIDE_1.16.0/STM32CubeIDE/plugins/com.st.stm32cube.ide.mcu.externaltools.gnu-tools-for-stm32.12.3.rel1.win32_1.0.200.202406191623/tools/bin/../lib/gcc/arm-none-eabi/12.3.1/thumb/v7e-m+fp/hard/crtn.o
OUTPUT(MiniRTOS.elf elf32-littlearm)
LOAD linker stubs
LOAD D:/APP/ST_Microcontrollers/STM32Cube_IDE/STM32CubeIDE_1.16.0/STM32CubeIDE/plugins/com.st.stm32cube.ide.mcu.externaltools.gnu-tools-for-stm32.12.3.rel1.win32_1.0.200.202406191623/tools/bin/../lib/gcc/arm-none-eabi/12.3.1/../../../../arm-none-eabi/lib/thumb/v7e-m+fp/hard\libc.a
LOAD D:/APP/ST_Microcontrollers/STM32Cube_IDE/STM32CubeIDE_1.16.0/STM32CubeIDE/plugins/com.st.stm32cube.ide.mcu.externaltools.gnu-tools-for-stm32.12.3.rel1.win32_1.0.200.202406191623/tools/bin/../lib/gcc/arm-none-eabi/12.3.1/../../../../arm-none-eabi/lib/thumb/v7e-m+fp/hard\libm.a
LOAD D:/APP/ST_Microcontrollers/STM32Cube_IDE/STM32CubeIDE_1.16.0/STM32CubeIDE/plugins/com.st.stm32cube.ide.mcu.externaltools.gnu-tools-for-stm32.12.3.rel1.win32_1.0.200.202406191623/tools/bin/../lib/gcc/arm-none-eabi/12.3.1/thumb/v7e-m+fp/hard\libgcc.a

.debug_info     0x00000000     0x6310
 .debug_info    0x00000000      0x1dd ./Core/Src/application/app.o
 .debug_info    0x000001dd      0x89c ./Core/Src/main.o
 .debug_info    0x00000a79      0x51b ./Core/Src/stm32f4xx_hal_msp.o
 .debug_info    0x00000f94      0x37e ./Core/Src/stm32f4xx_it.o
 .debug_info    0x00001312      0x52e ./Core/Src/system_stm32f4xx.o
 .debug_info    0x00001840       0x30 ./Core/Startup/startup_stm32f429zitx.o
 .debug_info    0x00001870      0x9ba ./Drivers/STM32F4xx_HAL_Driver/Src/stm32f4xx_hal.o
 .debug_info    0x0000222a      0xdc2 ./Drivers/STM32F4xx_HAL_Driver/Src/stm32f4xx_hal_cortex.o
 .debug_info    0x00002fec      0x57d ./Drivers/STM32F4xx_HAL_Driver/Src/stm32f4xx_hal_flash.o
 .debug_info    0x00003569      0x88d ./Drivers/STM32F4xx_HAL_Driver/Src/stm32f4xx_hal_flash_ex.o
 .debug_info    0x00003df6      0x6db ./Drivers/STM32F4xx_HAL_Driver/Src/stm32f4xx_hal_gpio.o
 .debug_info    0x000044d1      0x715 ./Drivers/STM32F4xx_HAL_Driver/Src/stm32f4xx_hal_pwr.o
 .debug_info    0x00004be6      0x6be ./Drivers/STM32F4xx_HAL_Driver/Src/stm32f4xx_hal_pwr_ex.o
 .debug_info    0x000052a4      0x8db ./Drivers/STM32F4xx_HAL_Driver/Src/stm32f4xx_hal_rcc.o
 .debug_info    0x00005b7f      0x4db ./TDRTOS/source/scheduler.o
 .debug_info    0x0000605a      0x2b6 ./TDRTOS/source/task.o

.debug_abbrev   0x00000000     0x1d0b
 .debug_abbrev  0x00000000      0x119 ./Core/Src/application/app.o
 .debug_abbrev  0x00000119      0x249 ./Core/Src/main.o
 .debug_abbrev  0x00000362      0x11b ./Core/Src/stm32f4xx_hal_msp.o
 .debug_abbrev  0x0000047d      0x157 ./Core/Src/stm32f4xx_it.o
 .debug_abbrev  0x000005d4      0x11a ./Core/Src/system_stm32f4xx.o
 .debug_abbrev  0x000006ee       0x24 ./Core/Startup/startup_stm32f429zitx.o
 .debug_abbrev  0x00000712      0x214 ./Drivers/STM32F4xx_HAL_Driver/Src/stm32f4xx_hal.o
 .debug_abbrev  0x00000926      0x31d ./Drivers/STM32F4xx_HAL_Driver/Src/stm32f4xx_hal_cortex.o
 .debug_abbrev  0x00000c43      0x28c ./Drivers/STM32F4xx_HAL_Driver/Src/stm32f4xx_hal_flash.o
 .debug_abbrev  0x00000ecf      0x287 ./Drivers/STM32F4xx_HAL_Driver/Src/stm32f4xx_hal_flash_ex.o
 .debug_abbrev  0x00001156      0x1d4 ./Drivers/STM32F4xx_HAL_Driver/Src/stm32f4xx_hal_gpio.o
 .debug_abbrev  0x0000132a      0x19c ./Drivers/STM32F4xx_HAL_Driver/Src/stm32f4xx_hal_pwr.o
 .debug_abbrev  0x000014c6      0x1cf ./Drivers/STM32F4xx_HAL_Driver/Src/stm32f4xx_hal_pwr_ex.o
 .debug_abbrev  0x00001695      0x2b7 ./Drivers/STM32F4xx_HAL_Driver/Src/stm32f4xx_hal_rcc.o
 .debug_abbrev  0x0000194c      0x27c ./TDRTOS/source/scheduler.o
 .debug_abbrev  0x00001bc8      0x143 ./TDRTOS/source/task.o

.debug_aranges  0x00000000      0x790
 .debug_aranges
                0x00000000       0x30 ./Core/Src/application/app.o
 .debug_aranges
                0x00000030       0x38 ./Core/Src/main.o
 .debug_aranges
                0x00000068       0x20 ./Core/Src/stm32f4xx_hal_msp.o
 .debug_aranges
                0x00000088       0x78 ./Core/Src/stm32f4xx_it.o
 .debug_aranges
                0x00000100       0x28 ./Core/Src/system_stm32f4xx.o
 .debug_aranges
                0x00000128       0x28 ./Core/Startup/startup_stm32f429zitx.o
 .debug_aranges
                0x00000150      0x100 ./Drivers/STM32F4xx_HAL_Driver/Src/stm32f4xx_hal.o
 .debug_aranges
                0x00000250      0x130 ./Drivers/STM32F4xx_HAL_Driver/Src/stm32f4xx_hal_cortex.o
 .debug_aranges
                0x00000380       0xa0 ./Drivers/STM32F4xx_HAL_Driver/Src/stm32f4xx_hal_flash.o
 .debug_aranges
                0x00000420       0xd8 ./Drivers/STM32F4xx_HAL_Driver/Src/stm32f4xx_hal_flash_ex.o
 .debug_aranges
                0x000004f8       0x58 ./Drivers/STM32F4xx_HAL_Driver/Src/stm32f4xx_hal_gpio.o
 .debug_aranges
                0x00000550       0xa0 ./Drivers/STM32F4xx_HAL_Driver/Src/stm32f4xx_hal_pwr.o
 .debug_aranges
                0x000005f0       0x60 ./Drivers/STM32F4xx_HAL_Driver/Src/stm32f4xx_hal_pwr_ex.o
 .debug_aranges
                0x00000650       0x88 ./Drivers/STM32F4xx_HAL_Driver/Src/stm32f4xx_hal_rcc.o
 .debug_aranges
                0x000006d8       0x80 ./TDRTOS/source/scheduler.o
 .debug_aranges
                0x00000758       0x38 ./TDRTOS/source/task.o

.debug_rnglists
                0x00000000      0x580
 .debug_rnglists
                0x00000000       0x1f ./Core/Src/application/app.o
 .debug_rnglists
                0x0000001f       0x28 ./Core/Src/main.o
 .debug_rnglists
                0x00000047       0x14 ./Core/Src/stm32f4xx_hal_msp.o
 .debug_rnglists
                0x0000005b       0x55 ./Core/Src/stm32f4xx_it.o
 .debug_rnglists
                0x000000b0       0x1a ./Core/Src/system_stm32f4xx.o
 .debug_rnglists
                0x000000ca       0x19 ./Core/Startup/startup_stm32f429zitx.o
 .debug_rnglists
                0x000000e3       0xbb ./Drivers/STM32F4xx_HAL_Driver/Src/stm32f4xx_hal.o
 .debug_rnglists
                0x0000019e       0xe0 ./Drivers/STM32F4xx_HAL_Driver/Src/stm32f4xx_hal_cortex.o
 .debug_rnglists
                0x0000027e       0x78 ./Drivers/STM32F4xx_HAL_Driver/Src/stm32f4xx_hal_flash.o
 .debug_rnglists
                0x000002f6       0xa6 ./Drivers/STM32F4xx_HAL_Driver/Src/stm32f4xx_hal_flash_ex.o
 .debug_rnglists
                0x0000039c       0x3f ./Drivers/STM32F4xx_HAL_Driver/Src/stm32f4xx_hal_gpio.o
 .debug_rnglists
                0x000003db       0x74 ./Drivers/STM32F4xx_HAL_Driver/Src/stm32f4xx_hal_pwr.o
 .debug_rnglists
                0x0000044f       0x47 ./Drivers/STM32F4xx_HAL_Driver/Src/stm32f4xx_hal_pwr_ex.o
 .debug_rnglists
                0x00000496       0x66 ./Drivers/STM32F4xx_HAL_Driver/Src/stm32f4xx_hal_rcc.o
 .debug_rnglists
                0x000004fc       0x5e ./TDRTOS/source/scheduler.o
 .debug_rnglists
                0x0000055a       0x26 ./TDRTOS/source/task.o

.debug_macro    0x00000000    0x222bb
 .debug_macro   0x00000000      0x1ed ./Core/Src/application/app.o
 .debug_macro   0x000001ed      0xab4 ./Core/Src/application/app.o
 .debug_macro   0x00000ca1      0x28f ./Core/Src/application/app.o
 .debug_macro   0x00000f30       0x2e ./Core/Src/application/app.o
 .debug_macro   0x00000f5e       0x28 ./Core/Src/application/app.o
 .debug_macro   0x00000f86       0x22 ./Core/Src/application/app.o
 .debug_macro   0x00000fa8       0x8e ./Core/Src/application/app.o
 .debug_macro   0x00001036       0x51 ./Core/Src/application/app.o
 .debug_macro   0x00001087      0x103 ./Core/Src/application/app.o
 .debug_macro   0x0000118a       0x6a ./Core/Src/application/app.o
 .debug_macro   0x000011f4      0x1df ./Core/Src/application/app.o
 .debug_macro   0x000013d3       0x1c ./Core/Src/application/app.o
 .debug_macro   0x000013ef       0x22 ./Core/Src/application/app.o
 .debug_macro   0x00001411       0xfb ./Core/Src/application/app.o
 .debug_macro   0x0000150c     0x1011 ./Core/Src/application/app.o
 .debug_macro   0x0000251d      0x11f ./Core/Src/application/app.o
 .debug_macro   0x0000263c    0x17ff1 ./Core/Src/application/app.o
 .debug_macro   0x0001a62d       0x6d ./Core/Src/application/app.o
 .debug_macro   0x0001a69a     0x370a ./Core/Src/application/app.o
 .debug_macro   0x0001dda4      0x189 ./Core/Src/application/app.o
 .debug_macro   0x0001df2d       0x5c ./Core/Src/application/app.o
 .debug_macro   0x0001df89      0xcba ./Core/Src/application/app.o
 .debug_macro   0x0001ec43      0x9e9 ./Core/Src/application/app.o
 .debug_macro   0x0001f62c      0x115 ./Core/Src/application/app.o
 .debug_macro   0x0001f741      0x156 ./Core/Src/application/app.o
 .debug_macro   0x0001f897       0xa5 ./Core/Src/application/app.o
 .debug_macro   0x0001f93c      0x182 ./Core/Src/application/app.o
 .debug_macro   0x0001fabe      0x287 ./Core/Src/application/app.o
 .debug_macro   0x0001fd45       0x5f ./Core/Src/application/app.o
 .debug_macro   0x0001fda4      0x236 ./Core/Src/application/app.o
 .debug_macro   0x0001ffda      0x132 ./Core/Src/application/app.o
 .debug_macro   0x0002010c      0x41d ./Core/Src/application/app.o
 .debug_macro   0x00020529       0x2e ./Core/Src/application/app.o
 .debug_macro   0x00020557      0x127 ./Core/Src/application/app.o
 .debug_macro   0x0002067e       0xe2 ./Core/Src/application/app.o
 .debug_macro   0x00020760       0x89 ./Core/Src/application/app.o
 .debug_macro   0x000207e9      0x134 ./Core/Src/application/app.o
 .debug_macro   0x0002091d       0xa0 ./Core/Src/application/app.o
 .debug_macro   0x000209bd      0x1ed ./Core/Src/main.o
 .debug_macro   0x00020baa      0x1e3 ./Core/Src/stm32f4xx_hal_msp.o
 .debug_macro   0x00020d8d      0x1ed ./Core/Src/stm32f4xx_it.o
 .debug_macro   0x00020f7a      0x1b0 ./Core/Src/system_stm32f4xx.o
 .debug_macro   0x0002112a      0x210 ./Drivers/STM32F4xx_HAL_Driver/Src/stm32f4xx_hal.o
 .debug_macro   0x0002133a      0x1b0 ./Drivers/STM32F4xx_HAL_Driver/Src/stm32f4xx_hal_cortex.o
 .debug_macro   0x000214ea      0x1b6 ./Drivers/STM32F4xx_HAL_Driver/Src/stm32f4xx_hal_flash.o
 .debug_macro   0x000216a0      0x1b6 ./Drivers/STM32F4xx_HAL_Driver/Src/stm32f4xx_hal_flash_ex.o
 .debug_macro   0x00021856      0x1b6 ./Drivers/STM32F4xx_HAL_Driver/Src/stm32f4xx_hal_gpio.o
 .debug_macro   0x00021a0c      0x1c8 ./Drivers/STM32F4xx_HAL_Driver/Src/stm32f4xx_hal_pwr.o
 .debug_macro   0x00021bd4      0x1c8 ./Drivers/STM32F4xx_HAL_Driver/Src/stm32f4xx_hal_pwr_ex.o
 .debug_macro   0x00021d9c      0x1d4 ./Drivers/STM32F4xx_HAL_Driver/Src/stm32f4xx_hal_rcc.o
 .debug_macro   0x00021f70      0x16d ./TDRTOS/source/scheduler.o
 .debug_macro   0x000220dd       0x61 ./TDRTOS/source/scheduler.o
 .debug_macro   0x0002213e       0x10 ./TDRTOS/source/scheduler.o
 .debug_macro   0x0002214e       0x20 ./TDRTOS/source/scheduler.o
 .debug_macro   0x0002216e      0x14d ./TDRTOS/source/task.o

.debug_line     0x00000000     0x9272
 .debug_line    0x00000000      0x7ed ./Core/Src/application/app.o
 .debug_line    0x000007ed      0x84f ./Core/Src/main.o
 .debug_line    0x0000103c      0x778 ./Core/Src/stm32f4xx_hal_msp.o
 .debug_line    0x000017b4      0x8a2 ./Core/Src/stm32f4xx_it.o
 .debug_line    0x00002056      0x777 ./Core/Src/system_stm32f4xx.o
 .debug_line    0x000027cd       0x7a ./Core/Startup/startup_stm32f429zitx.o
 .debug_line    0x00002847      0xa25 ./Drivers/STM32F4xx_HAL_Driver/Src/stm32f4xx_hal.o
 .debug_line    0x0000326c      0xce1 ./Drivers/STM32F4xx_HAL_Driver/Src/stm32f4xx_hal_cortex.o
 .debug_line    0x00003f4d      0xaad ./Drivers/STM32F4xx_HAL_Driver/Src/stm32f4xx_hal_flash.o
 .debug_line    0x000049fa      0xd31 ./Drivers/STM32F4xx_HAL_Driver/Src/stm32f4xx_hal_flash_ex.o
 .debug_line    0x0000572b      0xba3 ./Drivers/STM32F4xx_HAL_Driver/Src/stm32f4xx_hal_gpio.o
 .debug_line    0x000062ce      0x901 ./Drivers/STM32F4xx_HAL_Driver/Src/stm32f4xx_hal_pwr.o
 .debug_line    0x00006bcf      0x918 ./Drivers/STM32F4xx_HAL_Driver/Src/stm32f4xx_hal_pwr_ex.o
 .debug_line    0x000074e7      0xd78 ./Drivers/STM32F4xx_HAL_Driver/Src/stm32f4xx_hal_rcc.o
 .debug_line    0x0000825f      0x928 ./TDRTOS/source/scheduler.o
 .debug_line    0x00008b87      0x6eb ./TDRTOS/source/task.o

.debug_str      0x00000000    0xcf812
 .debug_str     0x00000000    0xca0e0 ./Core/Src/application/app.o
                              0xca351 (size before relaxing)
 .debug_str     0x000ca0e0      0x490 ./Core/Src/main.o
                              0xca7c8 (size before relaxing)
 .debug_str     0x000ca570      0x59d ./Core/Src/stm32f4xx_hal_msp.o
                              0xca94b (size before relaxing)
 .debug_str     0x000cab0d      0x161 ./Core/Src/stm32f4xx_it.o
                              0xca441 (size before relaxing)
 .debug_str     0x000cac6e       0x87 ./Core/Src/system_stm32f4xx.o
                              0xca012 (size before relaxing)
 .debug_str     0x000cacf5       0x44 ./Core/Startup/startup_stm32f429zitx.o
                                 0x7e (size before relaxing)
 .debug_str     0x000cad39      0x652 ./Drivers/STM32F4xx_HAL_Driver/Src/stm32f4xx_hal.o
                              0xcac35 (size before relaxing)
 .debug_str     0x000cb38b      0x382 ./Drivers/STM32F4xx_HAL_Driver/Src/stm32f4xx_hal_cortex.o
                              0xca963 (size before relaxing)
 .debug_str     0x000cb70d      0x2e9 ./Drivers/STM32F4xx_HAL_Driver/Src/stm32f4xx_hal_flash.o
                              0xca1ef (size before relaxing)
 .debug_str     0x000cb9f6      0x357 ./Drivers/STM32F4xx_HAL_Driver/Src/stm32f4xx_hal_flash_ex.o
                              0xca376 (size before relaxing)
 .debug_str     0x000cbd4d      0x131 ./Drivers/STM32F4xx_HAL_Driver/Src/stm32f4xx_hal_gpio.o
                              0xca18d (size before relaxing)
 .debug_str     0x000cbe7e      0x251 ./Drivers/STM32F4xx_HAL_Driver/Src/stm32f4xx_hal_pwr.o
                              0xca248 (size before relaxing)
 .debug_str     0x000cc0cf      0x121 ./Drivers/STM32F4xx_HAL_Driver/Src/stm32f4xx_hal_pwr_ex.o
                              0xca1ea (size before relaxing)
 .debug_str     0x000cc1f0      0x228 ./Drivers/STM32F4xx_HAL_Driver/Src/stm32f4xx_hal_rcc.o
                              0xca446 (size before relaxing)
 .debug_str     0x000cc418     0x3385 ./TDRTOS/source/scheduler.o
                               0x79a8 (size before relaxing)
 .debug_str     0x000cf79d       0x75 ./TDRTOS/source/task.o
                               0x7761 (size before relaxing)

.comment        0x00000000       0x43
 .comment       0x00000000       0x43 ./Core/Src/application/app.o
                                 0x44 (size before relaxing)
 .comment       0x00000043       0x44 ./Core/Src/main.o
 .comment       0x00000043       0x44 ./Core/Src/stm32f4xx_hal_msp.o
 .comment       0x00000043       0x44 ./Core/Src/stm32f4xx_it.o
 .comment       0x00000043       0x44 ./Core/Src/system_stm32f4xx.o
 .comment       0x00000043       0x44 ./Drivers/STM32F4xx_HAL_Driver/Src/stm32f4xx_hal.o
 .comment       0x00000043       0x44 ./Drivers/STM32F4xx_HAL_Driver/Src/stm32f4xx_hal_cortex.o
 .comment       0x00000043       0x44 ./Drivers/STM32F4xx_HAL_Driver/Src/stm32f4xx_hal_flash.o
 .comment       0x00000043       0x44 ./Drivers/STM32F4xx_HAL_Driver/Src/stm32f4xx_hal_flash_ex.o
 .comment       0x00000043       0x44 ./Drivers/STM32F4xx_HAL_Driver/Src/stm32f4xx_hal_gpio.o
 .comment       0x00000043       0x44 ./Drivers/STM32F4xx_HAL_Driver/Src/stm32f4xx_hal_pwr.o
 .comment       0x00000043       0x44 ./Drivers/STM32F4xx_HAL_Driver/Src/stm32f4xx_hal_pwr_ex.o
 .comment       0x00000043       0x44 ./Drivers/STM32F4xx_HAL_Driver/Src/stm32f4xx_hal_rcc.o
 .comment       0x00000043       0x44 ./TDRTOS/source/scheduler.o
 .comment       0x00000043       0x44 ./TDRTOS/source/task.o

.debug_frame    0x00000000     0x1b68
 .debug_frame   0x00000000       0x70 ./Core/Src/application/app.o
 .debug_frame   0x00000070       0x90 ./Core/Src/main.o
 .debug_frame   0x00000100       0x34 ./Core/Src/stm32f4xx_hal_msp.o
 .debug_frame   0x00000134      0x140 ./Core/Src/stm32f4xx_it.o
 .debug_frame   0x00000274       0x58 ./Core/Src/system_stm32f4xx.o
 .debug_frame   0x000002cc      0x3b4 ./Drivers/STM32F4xx_HAL_Driver/Src/stm32f4xx_hal.o
 .debug_frame   0x00000680      0x508 ./Drivers/STM32F4xx_HAL_Driver/Src/stm32f4xx_hal_cortex.o
 .debug_frame   0x00000b88      0x274 ./Drivers/STM32F4xx_HAL_Driver/Src/stm32f4xx_hal_flash.o
 .debug_frame   0x00000dfc      0x378 ./Drivers/STM32F4xx_HAL_Driver/Src/stm32f4xx_hal_flash_ex.o
 .debug_frame   0x00001174      0x14c ./Drivers/STM32F4xx_HAL_Driver/Src/stm32f4xx_hal_gpio.o
 .debug_frame   0x000012c0      0x264 ./Drivers/STM32F4xx_HAL_Driver/Src/stm32f4xx_hal_pwr.o
 .debug_frame   0x00001524      0x14c ./Drivers/STM32F4xx_HAL_Driver/Src/stm32f4xx_hal_pwr_ex.o
 .debug_frame   0x00001670      0x1f4 ./Drivers/STM32F4xx_HAL_Driver/Src/stm32f4xx_hal_rcc.o
 .debug_frame   0x00001864      0x1b8 ./TDRTOS/source/scheduler.o
 .debug_frame   0x00001a1c       0xa0 ./TDRTOS/source/task.o
 .debug_frame   0x00001abc       0x20 D:/APP/ST_Microcontrollers/STM32Cube_IDE/STM32CubeIDE_1.16.0/STM32CubeIDE/plugins/com.st.stm32cube.ide.mcu.externaltools.gnu-tools-for-stm32.12.3.rel1.win32_1.0.200.202406191623/tools/bin/../lib/gcc/arm-none-eabi/12.3.1/../../../../arm-none-eabi/lib/thumb/v7e-m+fp/hard\libc_nano.a(libc_a-memset.o)
 .debug_frame   0x00001adc       0x2c D:/APP/ST_Microcontrollers/STM32Cube_IDE/STM32CubeIDE_1.16.0/STM32CubeIDE/plugins/com.st.stm32cube.ide.mcu.externaltools.gnu-tools-for-stm32.12.3.rel1.win32_1.0.200.202406191623/tools/bin/../lib/gcc/arm-none-eabi/12.3.1/../../../../arm-none-eabi/lib/thumb/v7e-m+fp/hard\libc_nano.a(libc_a-init.o)
 .debug_frame   0x00001b08       0x2c D:/APP/ST_Microcontrollers/STM32Cube_IDE/STM32CubeIDE_1.16.0/STM32CubeIDE/plugins/com.st.stm32cube.ide.mcu.externaltools.gnu-tools-for-stm32.12.3.rel1.win32_1.0.200.202406191623/tools/bin/../lib/gcc/arm-none-eabi/12.3.1/thumb/v7e-m+fp/hard\libgcc.a(_aeabi_uldivmod.o)
 .debug_frame   0x00001b34       0x34 D:/APP/ST_Microcontrollers/STM32Cube_IDE/STM32CubeIDE_1.16.0/STM32CubeIDE/plugins/com.st.stm32cube.ide.mcu.externaltools.gnu-tools-for-stm32.12.3.rel1.win32_1.0.200.202406191623/tools/bin/../lib/gcc/arm-none-eabi/12.3.1/thumb/v7e-m+fp/hard\libgcc.a(_udivmoddi4.o)

.debug_line_str
                0x00000000       0x62
 .debug_line_str
                0x00000000       0x62 ./Core/Startup/startup_stm32f429zitx.o
